[INFO] Scanning for projects...
[INFO] 
[INFO] -----------------------< com.histdata:etl-tool >------------------------
[INFO] Building ETL CLI Tool 1.0.0
[INFO]   from pom.xml
[INFO] --------------------------------[ jar ]---------------------------------
[WARNING] The artifact mysql:mysql-connector-java:jar:8.0.33 has been relocated to com.mysql:mysql-connector-j:jar:8.0.33: MySQL Connector/J artifacts moved to reverse-DNS compliant Maven 2+ coordinates.
[INFO] 
[INFO] --- resources:3.3.1:resources (default-resources) @ etl-tool ---
[INFO] Copying 2 resources from src\main\resources to target\classes
[INFO] 
[INFO] --- compiler:3.8.1:compile (default-compile) @ etl-tool ---
[INFO] Changes detected - recompiling the module!
[INFO] Compiling 32 source files to c:\Users\sl401\workspace\hist-data-etl-tool\hist-data-etl-tool\target\classes
[INFO] /c:/Users/sl401/workspace/hist-data-etl-tool/hist-data-etl-tool/src/main/java/com/histdata/etl/datasource/CosExtractor.java: c:\Users\sl401\workspace\hist-data-etl-tool\hist-data-etl-tool\src\main\java\com\histdata\etl\datasource\CosExtractor.java使用或覆盖了已过时的 API。
[INFO] /c:/Users/sl401/workspace/hist-data-etl-tool/hist-data-etl-tool/src/main/java/com/histdata/etl/datasource/CosExtractor.java: 有关详细信息, 请使用 -Xlint:deprecation 重新编译。
[INFO] -------------------------------------------------------------
[ERROR] COMPILATION ERROR : 
[INFO] -------------------------------------------------------------
[ERROR] /c:/Users/sl401/workspace/hist-data-etl-tool/hist-data-etl-tool/src/main/java/com/histdata/etl/config/Config.java:[35,28] 找不到符号
  符号:   类 ConfigurationException
  位置: 接口 com.histdata.etl.config.Config
[ERROR] /c:/Users/sl401/workspace/hist-data-etl-tool/hist-data-etl-tool/src/main/java/com/histdata/etl/config/CosConfig.java:[31,35] 找不到符号
  符号:   类 ConfigurationException
  位置: 类 com.histdata.etl.config.CosConfig
[ERROR] /c:/Users/sl401/workspace/hist-data-etl-tool/hist-data-etl-tool/src/main/java/com/histdata/etl/config/MySqlConfig.java:[28,35] 找不到符号
  符号:   类 ConfigurationException
  位置: 类 com.histdata.etl.config.MySqlConfig
[ERROR] /c:/Users/sl401/workspace/hist-data-etl-tool/hist-data-etl-tool/src/main/java/com/histdata/etl/config/DolphinDbConfig.java:[27,35] 找不到符号
  符号:   类 ConfigurationException
  位置: 类 com.histdata.etl.config.DolphinDbConfig
[ERROR] /c:/Users/sl401/workspace/hist-data-etl-tool/hist-data-etl-tool/src/main/java/com/histdata/etl/util/FileLock.java:[43,37] 找不到符号
  符号:   类 ConcurrentExecutionException
  位置: 类 com.histdata.etl.util.FileLock
[ERROR] /c:/Users/sl401/workspace/hist-data-etl-tool/hist-data-etl-tool/src/main/java/com/histdata/etl/model/EtlJobContext.java:[202,16] 无法将类 com.histdata.etl.model.ProgressStatus中的构造器 ProgressStatus应用到给定类型;
  需要: java.time.LocalDate,java.time.LocalDate
  找到: 没有参数
  原因: 实际参数列表和形式参数列表长度不同
[ERROR] /c:/Users/sl401/workspace/hist-data-etl-tool/hist-data-etl-tool/src/main/java/com/histdata/etl/config/CosConfig.java:[33,23] 找不到符号
  符号:   类 ConfigurationException
  位置: 类 com.histdata.etl.config.CosConfig
[ERROR] /c:/Users/sl401/workspace/hist-data-etl-tool/hist-data-etl-tool/src/main/java/com/histdata/etl/config/CosConfig.java:[37,23] 找不到符号
  符号:   类 ConfigurationException
  位置: 类 com.histdata.etl.config.CosConfig
[ERROR] /c:/Users/sl401/workspace/hist-data-etl-tool/hist-data-etl-tool/src/main/java/com/histdata/etl/config/CosConfig.java:[41,23] 找不到符号
  符号:   类 ConfigurationException
  位置: 类 com.histdata.etl.config.CosConfig
[ERROR] /c:/Users/sl401/workspace/hist-data-etl-tool/hist-data-etl-tool/src/main/java/com/histdata/etl/config/MySqlConfig.java:[30,23] 找不到符号
  符号:   类 ConfigurationException
  位置: 类 com.histdata.etl.config.MySqlConfig
[ERROR] /c:/Users/sl401/workspace/hist-data-etl-tool/hist-data-etl-tool/src/main/java/com/histdata/etl/config/MySqlConfig.java:[34,23] 找不到符号
  符号:   类 ConfigurationException
  位置: 类 com.histdata.etl.config.MySqlConfig
[ERROR] /c:/Users/sl401/workspace/hist-data-etl-tool/hist-data-etl-tool/src/main/java/com/histdata/etl/config/MySqlConfig.java:[40,23] 找不到符号
  符号:   类 ConfigurationException
  位置: 类 com.histdata.etl.config.MySqlConfig
[ERROR] /c:/Users/sl401/workspace/hist-data-etl-tool/hist-data-etl-tool/src/main/java/com/histdata/etl/config/MySqlConfig.java:[44,23] 找不到符号
  符号:   类 ConfigurationException
  位置: 类 com.histdata.etl.config.MySqlConfig
[ERROR] /c:/Users/sl401/workspace/hist-data-etl-tool/hist-data-etl-tool/src/main/java/com/histdata/etl/config/MySqlConfig.java:[48,23] 找不到符号
  符号:   类 ConfigurationException
  位置: 类 com.histdata.etl.config.MySqlConfig
[ERROR] /c:/Users/sl401/workspace/hist-data-etl-tool/hist-data-etl-tool/src/main/java/com/histdata/etl/config/DolphinDbConfig.java:[29,23] 找不到符号
  符号:   类 ConfigurationException
  位置: 类 com.histdata.etl.config.DolphinDbConfig
[ERROR] /c:/Users/sl401/workspace/hist-data-etl-tool/hist-data-etl-tool/src/main/java/com/histdata/etl/config/DolphinDbConfig.java:[33,23] 找不到符号
  符号:   类 ConfigurationException
  位置: 类 com.histdata.etl.config.DolphinDbConfig
[ERROR] /c:/Users/sl401/workspace/hist-data-etl-tool/hist-data-etl-tool/src/main/java/com/histdata/etl/config/DolphinDbConfig.java:[39,23] 找不到符号
  符号:   类 ConfigurationException
  位置: 类 com.histdata.etl.config.DolphinDbConfig
[ERROR] /c:/Users/sl401/workspace/hist-data-etl-tool/hist-data-etl-tool/src/main/java/com/histdata/etl/config/DolphinDbConfig.java:[43,23] 找不到符号
  符号:   类 ConfigurationException
  位置: 类 com.histdata.etl.config.DolphinDbConfig
[ERROR] /c:/Users/sl401/workspace/hist-data-etl-tool/hist-data-etl-tool/src/main/java/com/histdata/etl/config/DolphinDbConfig.java:[47,23] 找不到符号
  符号:   类 ConfigurationException
  位置: 类 com.histdata.etl.config.DolphinDbConfig
[ERROR] /c:/Users/sl401/workspace/hist-data-etl-tool/hist-data-etl-tool/src/main/java/com/histdata/etl/transformer/FutureQuoteTransformer.java:[30,48] 不兼容的类型: java.util.Date无法转换为java.sql.Date
[ERROR] /c:/Users/sl401/workspace/hist-data-etl-tool/hist-data-etl-tool/src/main/java/com/histdata/etl/transformer/FutureQuoteTransformer.java:[80,55] 不兼容的类型: java.util.Date无法转换为java.sql.Timestamp
[ERROR] /c:/Users/sl401/workspace/hist-data-etl-tool/hist-data-etl-tool/src/main/java/com/histdata/etl/transformer/FutureQuoteTransformer.java:[86,51] 不兼容的类型: java.util.Date无法转换为java.sql.Timestamp
[ERROR] /c:/Users/sl401/workspace/hist-data-etl-tool/hist-data-etl-tool/src/main/java/com/histdata/etl/util/FileLock.java:[50,27] 找不到符号
  符号:   类 ConcurrentExecutionException
  位置: 类 com.histdata.etl.util.FileLock
[ERROR] /c:/Users/sl401/workspace/hist-data-etl-tool/hist-data-etl-tool/src/main/java/com/histdata/etl/util/FileLock.java:[63,27] 找不到符号
  符号:   类 ConcurrentExecutionException
  位置: 类 com.histdata.etl.util.FileLock
[ERROR] /c:/Users/sl401/workspace/hist-data-etl-tool/hist-data-etl-tool/src/main/java/com/histdata/etl/util/FileLock.java:[75,23] 找不到符号
  符号:   类 ConcurrentExecutionException
  位置: 类 com.histdata.etl.util.FileLock
[ERROR] /c:/Users/sl401/workspace/hist-data-etl-tool/hist-data-etl-tool/src/main/java/com/histdata/etl/config/IniConfigLoader.java:[81,18] 找不到符号
  符号:   类 IOException
  位置: 类 com.histdata.etl.config.IniConfigLoader
[ERROR] /c:/Users/sl401/workspace/hist-data-etl-tool/hist-data-etl-tool/src/main/java/com/histdata/etl/transformer/XbondTradeTransformer.java:[29,48] 不兼容的类型: java.util.Date无法转换为java.sql.Date
[ERROR] /c:/Users/sl401/workspace/hist-data-etl-tool/hist-data-etl-tool/src/main/java/com/histdata/etl/transformer/XbondTradeTransformer.java:[60,55] 不兼容的类型: java.util.Date无法转换为java.sql.Timestamp
[ERROR] /c:/Users/sl401/workspace/hist-data-etl-tool/hist-data-etl-tool/src/main/java/com/histdata/etl/transformer/XbondTradeTransformer.java:[66,51] 不兼容的类型: java.util.Date无法转换为java.sql.Timestamp
[ERROR] /c:/Users/sl401/workspace/hist-data-etl-tool/hist-data-etl-tool/src/main/java/com/histdata/etl/cli/EtlCli.java:[79,50] 不兼容的类型: java.util.Date无法转换为java.time.LocalDate
[ERROR] /c:/Users/sl401/workspace/hist-data-etl-tool/hist-data-etl-tool/src/main/java/com/histdata/etl/cli/EtlCli.java:[80,48] 不兼容的类型: java.util.Date无法转换为java.time.LocalDate
[ERROR] /c:/Users/sl401/workspace/hist-data-etl-tool/hist-data-etl-tool/src/main/java/com/histdata/etl/cli/EtlCli.java:[86,17] 找不到符号
  符号:   方法 acquireLock()
  位置: 类 com.histdata.etl.util.FileLock
[ERROR] /c:/Users/sl401/workspace/hist-data-etl-tool/hist-data-etl-tool/src/main/java/com/histdata/etl/cli/EtlCli.java:[90,19] 无法将类 com.histdata.etl.model.EtlJobContext中的构造器 EtlJobContext应用到给定类型;
  需要: java.lang.String,java.lang.String,java.lang.String
  找到: java.time.LocalDate,java.time.LocalDate,java.lang.String,com.histdata.etl.config.Config,java.lang.String
  原因: 实际参数列表和形式参数列表长度不同
[ERROR] /c:/Users/sl401/workspace/hist-data-etl-tool/hist-data-etl-tool/src/main/java/com/histdata/etl/cli/EtlCli.java:[198,13] 找不到符号
  符号:   类 Timestamp
  位置: 类 com.histdata.etl.cli.EtlCli
[ERROR] /c:/Users/sl401/workspace/hist-data-etl-tool/hist-data-etl-tool/src/main/java/com/histdata/etl/cli/EtlCli.java:[199,13] 找不到符号
  符号:   类 Timestamp
  位置: 类 com.histdata.etl.cli.EtlCli
[ERROR] /c:/Users/sl401/workspace/hist-data-etl-tool/hist-data-etl-tool/src/main/java/com/histdata/etl/cli/EtlCli.java:[235,36] 找不到符号
  符号:   方法 setRecordsLoaded(int)
  位置: 类 com.histdata.etl.model.ProgressStatus
[ERROR] /c:/Users/sl401/workspace/hist-data-etl-tool/hist-data-etl-tool/src/main/java/com/histdata/etl/cli/EtlCli.java:[242,14] 找不到符号
  符号:   类 CSVRecord
  位置: 类 com.histdata.etl.cli.EtlCli
[ERROR] /c:/Users/sl401/workspace/hist-data-etl-tool/hist-data-etl-tool/src/main/java/com/histdata/etl/cli/EtlCli.java:[254,25] 不兼容的类型: 推论变量T具有不兼容的限制范围
    等式约束条件: com.histdata.etl.model.XbondQuoteRecord
    下限: java.lang.Object
[ERROR] /c:/Users/sl401/workspace/hist-data-etl-tool/hist-data-etl-tool/src/main/java/com/histdata/etl/cli/EtlCli.java:[261,14] 找不到符号
  符号:   类 CSVRecord
  位置: 类 com.histdata.etl.cli.EtlCli
[ERROR] /c:/Users/sl401/workspace/hist-data-etl-tool/hist-data-etl-tool/src/main/java/com/histdata/etl/cli/EtlCli.java:[273,25] 不兼容的类型: 推论变量T具有不兼容的限制范围
    等式约束条件: com.histdata.etl.model.XbondTradeRecord
    下限: java.lang.Object
[ERROR] /c:/Users/sl401/workspace/hist-data-etl-tool/hist-data-etl-tool/src/main/java/com/histdata/etl/cli/EtlCli.java:[280,14] 找不到符号
  符号:   类 Map
  位置: 类 com.histdata.etl.cli.EtlCli
[ERROR] /c:/Users/sl401/workspace/hist-data-etl-tool/hist-data-etl-tool/src/main/java/com/histdata/etl/cli/EtlCli.java:[292,25] 不兼容的类型: 推论变量T具有不兼容的限制范围
    等式约束条件: com.histdata.etl.model.FutureQuoteRecord
    下限: java.lang.Object
[INFO] 42 errors 
[INFO] -------------------------------------------------------------
[INFO] ------------------------------------------------------------------------
[INFO] BUILD FAILURE
[INFO] ------------------------------------------------------------------------
[INFO] Total time:  1.076 s
[INFO] Finished at: 2026-01-06T23:05:42+08:00
[INFO] ------------------------------------------------------------------------
[ERROR] Failed to execute goal org.apache.maven.plugins:maven-compiler-plugin:3.8.1:compile (default-compile) on project etl-tool: Compilation failure: Compilation failure: 
[ERROR] /c:/Users/sl401/workspace/hist-data-etl-tool/hist-data-etl-tool/src/main/java/com/histdata/etl/config/Config.java:[35,28] 找不到符号
[ERROR]   符号:   类 ConfigurationException
[ERROR]   位置: 接口 com.histdata.etl.config.Config
[ERROR] /c:/Users/sl401/workspace/hist-data-etl-tool/hist-data-etl-tool/src/main/java/com/histdata/etl/config/CosConfig.java:[31,35] 找不到符号
[ERROR]   符号:   类 ConfigurationException
[ERROR]   位置: 类 com.histdata.etl.config.CosConfig
[ERROR] /c:/Users/sl401/workspace/hist-data-etl-tool/hist-data-etl-tool/src/main/java/com/histdata/etl/config/MySqlConfig.java:[28,35] 找不到符号
[ERROR]   符号:   类 ConfigurationException
[ERROR]   位置: 类 com.histdata.etl.config.MySqlConfig
[ERROR] /c:/Users/sl401/workspace/hist-data-etl-tool/hist-data-etl-tool/src/main/java/com/histdata/etl/config/DolphinDbConfig.java:[27,35] 找不到符号
[ERROR]   符号:   类 ConfigurationException
[ERROR]   位置: 类 com.histdata.etl.config.DolphinDbConfig
[ERROR] /c:/Users/sl401/workspace/hist-data-etl-tool/hist-data-etl-tool/src/main/java/com/histdata/etl/util/FileLock.java:[43,37] 找不到符号
[ERROR]   符号:   类 ConcurrentExecutionException
[ERROR]   位置: 类 com.histdata.etl.util.FileLock
[ERROR] /c:/Users/sl401/workspace/hist-data-etl-tool/hist-data-etl-tool/src/main/java/com/histdata/etl/model/EtlJobContext.java:[202,16] 无法将类 com.histdata.etl.model.ProgressStatus中的构造器 ProgressStatus应用到给定类型;
[ERROR]   需要: java.time.LocalDate,java.time.LocalDate
[ERROR]   找到: 没有参数
[ERROR]   原因: 实际参数列表和形式参数列表长度不同
[ERROR] /c:/Users/sl401/workspace/hist-data-etl-tool/hist-data-etl-tool/src/main/java/com/histdata/etl/config/CosConfig.java:[33,23] 找不到符号
[ERROR]   符号:   类 ConfigurationException
[ERROR]   位置: 类 com.histdata.etl.config.CosConfig
[ERROR] /c:/Users/sl401/workspace/hist-data-etl-tool/hist-data-etl-tool/src/main/java/com/histdata/etl/config/CosConfig.java:[37,23] 找不到符号
[ERROR]   符号:   类 ConfigurationException
[ERROR]   位置: 类 com.histdata.etl.config.CosConfig
[ERROR] /c:/Users/sl401/workspace/hist-data-etl-tool/hist-data-etl-tool/src/main/java/com/histdata/etl/config/CosConfig.java:[41,23] 找不到符号
[ERROR]   符号:   类 ConfigurationException
[ERROR]   位置: 类 com.histdata.etl.config.CosConfig
[ERROR] /c:/Users/sl401/workspace/hist-data-etl-tool/hist-data-etl-tool/src/main/java/com/histdata/etl/config/MySqlConfig.java:[30,23] 找不到符号
[ERROR]   符号:   类 ConfigurationException
[ERROR]   位置: 类 com.histdata.etl.config.MySqlConfig
[ERROR] /c:/Users/sl401/workspace/hist-data-etl-tool/hist-data-etl-tool/src/main/java/com/histdata/etl/config/MySqlConfig.java:[34,23] 找不到符号
[ERROR]   符号:   类 ConfigurationException
[ERROR]   位置: 类 com.histdata.etl.config.MySqlConfig
[ERROR] /c:/Users/sl401/workspace/hist-data-etl-tool/hist-data-etl-tool/src/main/java/com/histdata/etl/config/MySqlConfig.java:[40,23] 找不到符号
[ERROR]   符号:   类 ConfigurationException
[ERROR]   位置: 类 com.histdata.etl.config.MySqlConfig
[ERROR] /c:/Users/sl401/workspace/hist-data-etl-tool/hist-data-etl-tool/src/main/java/com/histdata/etl/config/MySqlConfig.java:[44,23] 找不到符号
[ERROR]   符号:   类 ConfigurationException
[ERROR]   位置: 类 com.histdata.etl.config.MySqlConfig
[ERROR] /c:/Users/sl401/workspace/hist-data-etl-tool/hist-data-etl-tool/src/main/java/com/histdata/etl/config/MySqlConfig.java:[48,23] 找不到符号
[ERROR]   符号:   类 ConfigurationException
[ERROR]   位置: 类 com.histdata.etl.config.MySqlConfig
[ERROR] /c:/Users/sl401/workspace/hist-data-etl-tool/hist-data-etl-tool/src/main/java/com/histdata/etl/config/DolphinDbConfig.java:[29,23] 找不到符号
[ERROR]   符号:   类 ConfigurationException
[ERROR]   位置: 类 com.histdata.etl.config.DolphinDbConfig
[ERROR] /c:/Users/sl401/workspace/hist-data-etl-tool/hist-data-etl-tool/src/main/java/com/histdata/etl/config/DolphinDbConfig.java:[33,23] 找不到符号
[ERROR]   符号:   类 ConfigurationException
[ERROR]   位置: 类 com.histdata.etl.config.DolphinDbConfig
[ERROR] /c:/Users/sl401/workspace/hist-data-etl-tool/hist-data-etl-tool/src/main/java/com/histdata/etl/config/DolphinDbConfig.java:[39,23] 找不到符号
[ERROR]   符号:   类 ConfigurationException
[ERROR]   位置: 类 com.histdata.etl.config.DolphinDbConfig
[ERROR] /c:/Users/sl401/workspace/hist-data-etl-tool/hist-data-etl-tool/src/main/java/com/histdata/etl/config/DolphinDbConfig.java:[43,23] 找不到符号
[ERROR]   符号:   类 ConfigurationException
[ERROR]   位置: 类 com.histdata.etl.config.DolphinDbConfig
[ERROR] /c:/Users/sl401/workspace/hist-data-etl-tool/hist-data-etl-tool/src/main/java/com/histdata/etl/config/DolphinDbConfig.java:[47,23] 找不到符号
[ERROR]   符号:   类 ConfigurationException
[ERROR]   位置: 类 com.histdata.etl.config.DolphinDbConfig
[ERROR] /c:/Users/sl401/workspace/hist-data-etl-tool/hist-data-etl-tool/src/main/java/com/histdata/etl/transformer/FutureQuoteTransformer.java:[30,48] 不兼容的类型: java.util.Date无法转换为java.sql.Date
[ERROR] /c:/Users/sl401/workspace/hist-data-etl-tool/hist-data-etl-tool/src/main/java/com/histdata/etl/transformer/FutureQuoteTransformer.java:[80,55] 不兼容的类型: java.util.Date无法转换为java.sql.Timestamp
[ERROR] /c:/Users/sl401/workspace/hist-data-etl-tool/hist-data-etl-tool/src/main/java/com/histdata/etl/transformer/FutureQuoteTransformer.java:[86,51] 不兼容的类型: java.util.Date无法转换为java.sql.Timestamp
[ERROR] /c:/Users/sl401/workspace/hist-data-etl-tool/hist-data-etl-tool/src/main/java/com/histdata/etl/util/FileLock.java:[50,27] 找不到符号
[ERROR]   符号:   类 ConcurrentExecutionException
[ERROR]   位置: 类 com.histdata.etl.util.FileLock
[ERROR] /c:/Users/sl401/workspace/hist-data-etl-tool/hist-data-etl-tool/src/main/java/com/histdata/etl/util/FileLock.java:[63,27] 找不到符号
[ERROR]   符号:   类 ConcurrentExecutionException
[ERROR]   位置: 类 com.histdata.etl.util.FileLock
[ERROR] /c:/Users/sl401/workspace/hist-data-etl-tool/hist-data-etl-tool/src/main/java/com/histdata/etl/util/FileLock.java:[75,23] 找不到符号
[ERROR]   符号:   类 ConcurrentExecutionException
[ERROR]   位置: 类 com.histdata.etl.util.FileLock
[ERROR] /c:/Users/sl401/workspace/hist-data-etl-tool/hist-data-etl-tool/src/main/java/com/histdata/etl/config/IniConfigLoader.java:[81,18] 找不到符号
[ERROR]   符号:   类 IOException
[ERROR]   位置: 类 com.histdata.etl.config.IniConfigLoader
[ERROR] /c:/Users/sl401/workspace/hist-data-etl-tool/hist-data-etl-tool/src/main/java/com/histdata/etl/transformer/XbondTradeTransformer.java:[29,48] 不兼容的类型: java.util.Date无法转换为java.sql.Date
[ERROR] /c:/Users/sl401/workspace/hist-data-etl-tool/hist-data-etl-tool/src/main/java/com/histdata/etl/transformer/XbondTradeTransformer.java:[60,55] 不兼容的类型: java.util.Date无法转换为java.sql.Timestamp
[ERROR] /c:/Users/sl401/workspace/hist-data-etl-tool/hist-data-etl-tool/src/main/java/com/histdata/etl/transformer/XbondTradeTransformer.java:[66,51] 不兼容的类型: java.util.Date无法转换为java.sql.Timestamp
[ERROR] /c:/Users/sl401/workspace/hist-data-etl-tool/hist-data-etl-tool/src/main/java/com/histdata/etl/cli/EtlCli.java:[79,50] 不兼容的类型: java.util.Date无法转换为java.time.LocalDate
[ERROR] /c:/Users/sl401/workspace/hist-data-etl-tool/hist-data-etl-tool/src/main/java/com/histdata/etl/cli/EtlCli.java:[80,48] 不兼容的类型: java.util.Date无法转换为java.time.LocalDate
[ERROR] /c:/Users/sl401/workspace/hist-data-etl-tool/hist-data-etl-tool/src/main/java/com/histdata/etl/cli/EtlCli.java:[86,17] 找不到符号
[ERROR]   符号:   方法 acquireLock()
[ERROR]   位置: 类 com.histdata.etl.util.FileLock
[ERROR] /c:/Users/sl401/workspace/hist-data-etl-tool/hist-data-etl-tool/src/main/java/com/histdata/etl/cli/EtlCli.java:[90,19] 无法将类 com.histdata.etl.model.EtlJobContext中的构造器 EtlJobContext应用到给定类型;
[ERROR]   需要: java.lang.String,java.lang.String,java.lang.String
[ERROR]   找到: java.time.LocalDate,java.time.LocalDate,java.lang.String,com.histdata.etl.config.Config,java.lang.String
[ERROR]   原因: 实际参数列表和形式参数列表长度不同
[ERROR] /c:/Users/sl401/workspace/hist-data-etl-tool/hist-data-etl-tool/src/main/java/com/histdata/etl/cli/EtlCli.java:[198,13] 找不到符号
[ERROR]   符号:   类 Timestamp
[ERROR]   位置: 类 com.histdata.etl.cli.EtlCli
[ERROR] /c:/Users/sl401/workspace/hist-data-etl-tool/hist-data-etl-tool/src/main/java/com/histdata/etl/cli/EtlCli.java:[199,13] 找不到符号
[ERROR]   符号:   类 Timestamp
[ERROR]   位置: 类 com.histdata.etl.cli.EtlCli
[ERROR] /c:/Users/sl401/workspace/hist-data-etl-tool/hist-data-etl-tool/src/main/java/com/histdata/etl/cli/EtlCli.java:[235,36] 找不到符号
[ERROR]   符号:   方法 setRecordsLoaded(int)
[ERROR]   位置: 类 com.histdata.etl.model.ProgressStatus
[ERROR] /c:/Users/sl401/workspace/hist-data-etl-tool/hist-data-etl-tool/src/main/java/com/histdata/etl/cli/EtlCli.java:[242,14] 找不到符号
[ERROR]   符号:   类 CSVRecord
[ERROR]   位置: 类 com.histdata.etl.cli.EtlCli
[ERROR] /c:/Users/sl401/workspace/hist-data-etl-tool/hist-data-etl-tool/src/main/java/com/histdata/etl/cli/EtlCli.java:[254,25] 不兼容的类型: 推论变量T具有不兼容的限制范围
[ERROR]     等式约束条件: com.histdata.etl.model.XbondQuoteRecord
[ERROR]     下限: java.lang.Object
[ERROR] /c:/Users/sl401/workspace/hist-data-etl-tool/hist-data-etl-tool/src/main/java/com/histdata/etl/cli/EtlCli.java:[261,14] 找不到符号
[ERROR]   符号:   类 CSVRecord
[ERROR]   位置: 类 com.histdata.etl.cli.EtlCli
[ERROR] /c:/Users/sl401/workspace/hist-data-etl-tool/hist-data-etl-tool/src/main/java/com/histdata/etl/cli/EtlCli.java:[273,25] 不兼容的类型: 推论变量T具有不兼容的限制范围
[ERROR]     等式约束条件: com.histdata.etl.model.XbondTradeRecord
[ERROR]     下限: java.lang.Object
[ERROR] /c:/Users/sl401/workspace/hist-data-etl-tool/hist-data-etl-tool/src/main/java/com/histdata/etl/cli/EtlCli.java:[280,14] 找不到符号
[ERROR]   符号:   类 Map
[ERROR]   位置: 类 com.histdata.etl.cli.EtlCli
[ERROR] /c:/Users/sl401/workspace/hist-data-etl-tool/hist-data-etl-tool/src/main/java/com/histdata/etl/cli/EtlCli.java:[292,25] 不兼容的类型: 推论变量T具有不兼容的限制范围
[ERROR]     等式约束条件: com.histdata.etl.model.FutureQuoteRecord
[ERROR]     下限: java.lang.Object
[ERROR] -> [Help 1]
[ERROR] 
[ERROR] To see the full stack trace of the errors, re-run Maven with the -e switch.
[ERROR] Re-run Maven using the -X switch to enable full debug logging.
[ERROR] 
[ERROR] For more information about the errors and possible solutions, please read the following articles:
[ERROR] [Help 1] http://cwiki.apache.org/confluence/display/MAVEN/MojoFailureException
